ASxxxx Linker V03.00 + NoICE + sdld,  page 1.
Hexadecimal  [32-Bits]

Area                                    Addr        Size        Decimal Bytes (Attributes)
--------------------------------        ----        ----        ------- ----- ------------
CABS                                00000000    00000000 =           0. bytes (ABS,CON,CODE)

      Value  Global                              Global Defined In Module
      -----  --------------------------------   ------------------------
C:   00000000  l_BIT_BANK                      
C:   00000000  l_CABS                          
C:   00000000  l_CONST                         
C:   00000000  l_GSINIT                        
C:   00000000  l_GSINIT1                       
C:   00000000  l_GSINIT5                       
C:   00000000  l_IABS                          
C:   00000000  l_ISEG                          
C:   00000000  l_OSEG                          
C:   00000000  l_PSEG                          
C:   00000000  l_REG_BANK_1                    
C:   00000000  l_REG_BANK_2                    
C:   00000000  l_REG_BANK_3                    
C:   00000000  l_RSEG                          
C:   00000000  l_RSEG0                         
C:   00000000  l_RSEG1                         
C:   00000000  l_XABS                          
C:   00000000  l_XINIT                         
C:   00000000  l_XISEG                         
C:   00000000  l__CODE                         
C:   00000000  s_BSEG                          
C:   00000000  s_CABS                          
C:   00000000  s_DSEG                          
C:   00000000  s_HOME                          
C:   00000000  s_IABS                          
C:   00000000  s_ISEG                          
C:   00000000  s_PSEG                          
C:   00000000  s_REG_BANK_0                    
C:   00000000  s_RSEG                          
C:   00000000  s_RSEG0                         
C:   00000000  s_RSEG1                         
C:   00000000  s_XABS                          
C:   00000000  s_XSEG                          
C:   00000001  l_BSEG                          
C:   00000001  l_BSEG_BYTES                    
C:   00000003  l_GSFINAL                       
C:   00000003  l_GSINIT0                       
C:   00000006  l_HOME                          
C:   00000006  s_GSINIT0                       
C:   00000008  l_REG_BANK_0                    
C:   00000008  s_REG_BANK_1                    
C:   00000009  s_GSINIT1                       
C:   00000009  s_GSINIT2                       
C:   0000000A  l_GSINIT2                       
C:   00000010  s_REG_BANK_2                    
C:   00000013  s_GSINIT3                       
C:   00000018  s_BIT_BANK                      
C:   00000018  s_OSEG                          
C:   00000018  s_REG_BANK_3                    
C:   00000020  s_BSEG_BYTES                    
ASxxxx Linker V03.00 + NoICE + sdld,  page 2.
Hexadecimal  [32-Bits]

Area                                    Addr        Size        Decimal Bytes (Attributes)
--------------------------------        ----        ----        ------- ----- ------------
CABS                                00000000    00000000 =           0. bytes (ABS,CON,CODE)

      Value  Global                              Global Defined In Module
      -----  --------------------------------   ------------------------
C:   00000020  s__CODE                         
C:   00000021  s_SSEG                          
C:   00000022  l_GSINIT3                       
C:   0000002A  l_GSINIT4                       
C:   00000035  s_GSINIT4                       
C:   0000005F  s_GSFINAL                       
C:   0000005F  s_GSINIT                        
C:   0000005F  s_GSINIT5                       
C:   00000062  s_CSEG                          
C:   0000006A  l_DSEG                          
C:   000000DF  l_SSEG                          
C:   00000100  l_IRAM                          
C:   0000041F  l_XSEG                          
C:   0000041F  s_XISEG                         
C:   0000053B  l_CSEG                          
C:   0000059D  s_CONST                         
C:   0000059D  s_XINIT                         

ASxxxx Linker V03.00 + NoICE + sdld,  page 3.
Hexadecimal  [32-Bits]

Area                                    Addr        Size        Decimal Bytes (Attributes)
--------------------------------        ----        ----        ------- ----- ------------
.  .ABS.                            00000000    00000000 =           0. bytes (ABS,CON)

      Value  Global                              Global Defined In Module
      -----  --------------------------------   ------------------------
     00000000  .__.ABS.                           
     00000080  _P0                                glcd
     00000080  _P0_0                              glcd
     00000081  _P0_1                              glcd
     00000081  _SP                                glcd
     00000082  _DPL                               glcd
     00000082  _P0_2                              glcd
     00000083  _DPH                               glcd
     00000083  _P0_3                              glcd
     00000084  _P0_4                              glcd
     00000085  _P0_5                              glcd
     00000086  _P0_6                              glcd
     00000087  _P0_7                              glcd
     00000087  _PCON                              glcd
     00000088  _IT0                               glcd
     00000088  _TCON                              glcd
     00000089  _IE0                               glcd
     00000089  _TMOD                              glcd
     0000008A  _IT1                               glcd
     0000008A  _TL0                               glcd
     0000008B  _IE1                               glcd
     0000008B  _TL1                               glcd
     0000008C  _TH0                               glcd
     0000008C  _TR0                               glcd
     0000008D  _TF0                               glcd
     0000008D  _TH1                               glcd
     0000008E  _TR1                               glcd
     0000008F  _TF1                               glcd
     00000090  _P1                                glcd
     00000090  _P1_0                              glcd
     00000091  _P1_1                              glcd
     00000092  _P1_2                              glcd
     00000093  _P1_3                              glcd
     00000094  _P1_4                              glcd
     00000095  _P1_5                              glcd
     00000096  _P1_6                              glcd
     00000097  _P1_7                              glcd
     00000098  _RI                                glcd
     00000098  _SCON                              glcd
     00000099  _SBUF                              glcd
     00000099  _TI                                glcd
     0000009A  _RB8                               glcd
     0000009B  _TB8                               glcd
     0000009C  _REN                               glcd
     0000009D  _SM2                               glcd
     0000009E  _SM1                               glcd
     0000009F  _SM0                               glcd
     000000A0  _P2                                glcd
     000000A0  _P2_0                              glcd
     000000A0  __XPAGE                            
ASxxxx Linker V03.00 + NoICE + sdld,  page 4.
Hexadecimal  [32-Bits]

Area                                    Addr        Size        Decimal Bytes (Attributes)
--------------------------------        ----        ----        ------- ----- ------------
.  .ABS.                            00000000    00000000 =           0. bytes (ABS,CON)

      Value  Global                              Global Defined In Module
      -----  --------------------------------   ------------------------
     000000A1  _P2_1                              glcd
     000000A1  _P4                                glcd
     000000A2  _P2_2                              glcd
     000000A3  _P2_3                              glcd
     000000A4  _P2_4                              glcd
     000000A5  _P2_5                              glcd
     000000A6  _P2_6                              glcd
     000000A7  _P2_7                              glcd
     000000A8  _EX0                               glcd
     000000A8  _IE                                glcd
     000000A9  _ET0                               glcd
     000000AA  _EX1                               glcd
     000000AB  _ET1                               glcd
     000000AC  _ES                                glcd
     000000AD  _ET2                               glcd
     000000AF  _EA                                glcd
     000000B0  _P3                                glcd
     000000B0  _P3_0                              glcd
     000000B0  _RXD                               glcd
     000000B1  _P3_1                              glcd
     000000B1  _TXD                               glcd
     000000B2  _INT0                              glcd
     000000B2  _P3_2                              glcd
     000000B3  _INT1                              glcd
     000000B3  _P3_3                              glcd
     000000B4  _P3_4                              glcd
     000000B4  _T0                                glcd
     000000B5  _P3_5                              glcd
     000000B5  _T1                                glcd
     000000B6  _P3_6                              glcd
     000000B6  _WR                                glcd
     000000B7  _P3_7                              glcd
     000000B7  _RD                                glcd
     000000B8  _IP                                glcd
     000000B8  _PX0                               glcd
     000000B9  _PT0                               glcd
     000000BA  _PX1                               glcd
     000000BB  _PT1                               glcd
     000000BC  _PS                                glcd
     000000BD  _PT2                               glcd
     000000C8  _CP_RL2                            glcd
     000000C8  _T2CON                             glcd
     000000C8  _T2CON_0                           glcd
     000000C9  _C_T2                              glcd
     000000C9  _T2CON_1                           glcd
     000000CA  _RCAP2L                            glcd
     000000CA  _T2CON_2                           glcd
     000000CA  _TR2                               glcd
     000000CB  _EXEN2                             glcd
     000000CB  _RCAP2H                            glcd
     000000CB  _T2CON_3                           glcd
ASxxxx Linker V03.00 + NoICE + sdld,  page 5.
Hexadecimal  [32-Bits]

Area                                    Addr        Size        Decimal Bytes (Attributes)
--------------------------------        ----        ----        ------- ----- ------------
.  .ABS.                            00000000    00000000 =           0. bytes (ABS,CON)

      Value  Global                              Global Defined In Module
      -----  --------------------------------   ------------------------
     000000CC  _T2CON_4                           glcd
     000000CC  _TCLK                              glcd
     000000CC  _TL2                               glcd
     000000CD  _RCLK                              glcd
     000000CD  _T2CON_5                           glcd
     000000CD  _TH2                               glcd
     000000CE  _EXF2                              glcd
     000000CE  _T2CON_6                           glcd
     000000CF  _T2CON_7                           glcd
     000000CF  _TF2                               glcd
     000000D0  _P                                 glcd
     000000D0  _PSW                               glcd
     000000D1  _F1                                glcd
     000000D2  _OV                                glcd
     000000D3  _RS0                               glcd
     000000D4  _RS1                               glcd
     000000D5  _F0                                glcd
     000000D6  _AC                                glcd
     000000D7  _CY                                glcd
     000000E0  _ACC                               glcd
     000000F0  _B                                 glcd

ASxxxx Linker V03.00 + NoICE + sdld,  page 6.
Hexadecimal  [32-Bits]

Area                                    Addr        Size        Decimal Bytes (Attributes)
--------------------------------        ----        ----        ------- ----- ------------
BSEG_BYTES                          00000020    00000001 =           1. bytes (REL,CON)

      Value  Global                              Global Defined In Module
      -----  --------------------------------   ------------------------
ASxxxx Linker V03.00 + NoICE + sdld,  page 7.
Hexadecimal  [32-Bits]

Area                                    Addr        Size        Decimal Bytes (Attributes)
--------------------------------        ----        ----        ------- ----- ------------
REG_BANK_0                          00000000    00000008 =           8. bytes (REL,OVR)

      Value  Global                              Global Defined In Module
      -----  --------------------------------   ------------------------
ASxxxx Linker V03.00 + NoICE + sdld,  page 8.
Hexadecimal  [32-Bits]

Area                                    Addr        Size        Decimal Bytes (Attributes)
--------------------------------        ----        ----        ------- ----- ------------
DSEG                                00000000    0000006A =         106. bytes (REL,CON)

      Value  Global                              Global Defined In Module
      -----  --------------------------------   ------------------------
ASxxxx Linker V03.00 + NoICE + sdld,  page 9.
Hexadecimal  [32-Bits]

Area                                    Addr        Size        Decimal Bytes (Attributes)
--------------------------------        ----        ----        ------- ----- ------------
SSEG                                00000021    000000DF =         223. bytes (REL,OVR)

      Value  Global                              Global Defined In Module
      -----  --------------------------------   ------------------------
     00000021  __start__stack                     glcd

ASxxxx Linker V03.00 + NoICE + sdld,  page 10.
Hexadecimal  [32-Bits]

Area                                    Addr        Size        Decimal Bytes (Attributes)
--------------------------------        ----        ----        ------- ----- ------------
XSEG                                00000000    0000041F =        1055. bytes (REL,CON,XDATA)

      Value  Global                              Global Defined In Module
      -----  --------------------------------   ------------------------
D:   00000406  _glcd_set_pixel_PARM_2             glcd
D:   00000408  _glcd_set_pixel_PARM_3             glcd
D:   0000040C  __modsint_PARM_2                   _modsint
D:   00000410  __moduint_PARM_2                   _moduint
D:   00000415  __divsint_PARM_2                   _divsint
D:   00000419  __divuint_PARM_2                   _divuint
ASxxxx Linker V03.00 + NoICE + sdld,  page 11.
Hexadecimal  [32-Bits]

Area                                    Addr        Size        Decimal Bytes (Attributes)
--------------------------------        ----        ----        ------- ----- ------------
HOME                                00000000    00000006 =           6. bytes (REL,CON,CODE)

      Value  Global                              Global Defined In Module
      -----  --------------------------------   ------------------------
C:   00000003  __sdcc_program_startup             glcd

ASxxxx Linker V03.00 + NoICE + sdld,  page 12.
Hexadecimal  [32-Bits]

Area                                    Addr        Size        Decimal Bytes (Attributes)
--------------------------------        ----        ----        ------- ----- ------------
GSINIT0                             00000006    00000003 =           3. bytes (REL,CON,CODE)

      Value  Global                              Global Defined In Module
      -----  --------------------------------   ------------------------
C:   00000006  __sdcc_gsinit_startup              

ASxxxx Linker V03.00 + NoICE + sdld,  page 13.
Hexadecimal  [32-Bits]

Area                                    Addr        Size        Decimal Bytes (Attributes)
--------------------------------        ----        ----        ------- ----- ------------
GSINIT2                             00000009    0000000A =          10. bytes (REL,CON,CODE)

      Value  Global                              Global Defined In Module
      -----  --------------------------------   ------------------------
ASxxxx Linker V03.00 + NoICE + sdld,  page 14.
Hexadecimal  [32-Bits]

Area                                    Addr        Size        Decimal Bytes (Attributes)
--------------------------------        ----        ----        ------- ----- ------------
GSINIT3                             00000013    00000022 =          34. bytes (REL,CON,CODE)

      Value  Global                              Global Defined In Module
      -----  --------------------------------   ------------------------
C:   00000013  __mcs51_genXINIT                   

ASxxxx Linker V03.00 + NoICE + sdld,  page 15.
Hexadecimal  [32-Bits]

Area                                    Addr        Size        Decimal Bytes (Attributes)
--------------------------------        ----        ----        ------- ----- ------------
GSINIT4                             00000035    0000002A =          42. bytes (REL,CON,CODE)

      Value  Global                              Global Defined In Module
      -----  --------------------------------   ------------------------
C:   00000035  __mcs51_genRAMCLEAR                
C:   0000003B  __mcs51_genXRAMCLEAR               

ASxxxx Linker V03.00 + NoICE + sdld,  page 16.
Hexadecimal  [32-Bits]

Area                                    Addr        Size        Decimal Bytes (Attributes)
--------------------------------        ----        ----        ------- ----- ------------
GSFINAL                             0000005F    00000003 =           3. bytes (REL,CON,CODE)

      Value  Global                              Global Defined In Module
      -----  --------------------------------   ------------------------
ASxxxx Linker V03.00 + NoICE + sdld,  page 17.
Hexadecimal  [32-Bits]

Area                                    Addr        Size        Decimal Bytes (Attributes)
--------------------------------        ----        ----        ------- ----- ------------
CSEG                                00000062    0000053B =        1339. bytes (REL,CON,CODE)

      Value  Global                              Global Defined In Module
      -----  --------------------------------   ------------------------
C:   00000062  __sdcc_external_startup            glcd
C:   00000069  _delay                             glcd
C:   000000A4  _glcd_write_data                   glcd
C:   000000F3  _glcd_write_cmd                    glcd
C:   00000142  _glcd_init                         glcd
C:   000001AC  _glcd_set_pixel                    glcd
C:   0000031E  _main                              glcd
C:   0000037B  __modsint                          _modsint
C:   000003E4  __moduint                          _moduint
C:   00000491  __divsint                          _divsint
C:   00000502  __divuint                          _divuint

ASxxxx Linker V03.00 + NoICE + sdld,  page 18.

Files Linked                              [ module(s) ]

glcd.rel                                  [  ]


Libraries Linked                          [ object file ]

/usr/bin/../share/sdcc/lib/large/mcs51.lib
                                          [ crtclear.rel ]
/usr/bin/../share/sdcc/lib/large/mcs51.lib
                                          [ crtxinit.rel ]
/usr/bin/../share/sdcc/lib/large/libint.lib
                                          [ _modsint.rel ]
/usr/bin/../share/sdcc/lib/large/libint.lib
                                          [ _moduint.rel ]
/usr/bin/../share/sdcc/lib/large/mcs51.lib
                                          [ crtxclear.rel ]
/usr/bin/../share/sdcc/lib/large/libint.lib
                                          [ _divsint.rel ]
/usr/bin/../share/sdcc/lib/large/libint.lib
                                          [ _divuint.rel ]
/usr/bin/../share/sdcc/lib/large/mcs51.lib
                                          [ crtpagesfr.rel ]
/usr/bin/../share/sdcc/lib/large/mcs51.lib
                                          [ crtstart.rel ]

ASxxxx Linker V03.00 + NoICE + sdld,  page 19.

User Base Address Definitions

HOME = 0x0000
ISEG = 0x0000
BSEG = 0x0000

